---
source: src/rules/convert_luau_numbers.rs
expression: rule
---
"convert_luau_numbers"
