---
source: src/rules/remove_simple_method_call.rs
expression: rule
---
"remove_simple_method_call"
