---
source: src/rules/remove_assertions.rs
expression: rule
---
"remove_assertions"
