---
source: src/rules/remove_unused_variable.rs
expression: rule
---
"remove_unused_variable"
