---
source: src/rules/append_text_comment.rs
expression: rule
---
{
  "rule": "append_text_comment",
  "location": "end",
  "text": "content"
}
