---
source: src/nodes/expressions/mod.rs
expression: result
---
Unary(
    UnaryExpression {
        operator: Minus,
        expression: Number(
            Decimal(
                DecimalNumber {
                    float: 2147483648.0,
                    exponent: None,
                    token: None,
                },
            ),
        ),
        token: None,
    },
)
