---
source: src/nodes/expressions/mod.rs
expression: result
---
Number(
    Decimal(
        DecimalNumber {
            float: -0.0,
            exponent: None,
            token: None,
        },
    ),
)
