---
source: tests/rule_tests/convert_require.rs
expression: "process `tests/test_cases/sourcemap/src/init.lua`"
---
local b = require(script:FindFirstChild('b'))
local c = require(script:FindFirstChild('c'))
local d = require(script:FindFirstChild('d'))

local Package1 = require(script:FindFirstChild('Packages'):FindFirstChild('Package1'))

return {
    b = b,
    c = c,
    d = d,
    Package1 = Package1,
}

