---
source: tests/bundle.rs
expression: main
---
local library = require('@lune/library')
