---
source: tests/bundle.rs
expression: "error_display.join(\"\\n\")"
---
error processing `src/main.lua` (bundler): unable to require resource with extension `error` at `src/value.error`
