---
source: tests/cli.rs
expression: content
---
return 1+1
