---
source: tests/cli.rs
expression: content
---
successfully processed 1 file (in {{DURATION}})

