---
source: src/generator/mod.rs
expression: generator.into_string()
---
name=variable;(t).field=false
