---
source: src/generator/mod.rs
expression: generator.into_string()
---
type Array<T> ={T}
