---
source: src/generator/mod.rs
expression: generator.into_string()
---
function fn(a: string) end
