---
source: src/generator/mod.rs
expression: generator.into_string()
---
function(): R... end
