---
source: src/generator/mod.rs
expression: generator.into_string()
---
repeat until not variable;

(t).field += 1

