---
source: src/generator/mod.rs
expression: generator.into_string()
---
true::Array<string> ==false
