---
source: src/generator/mod.rs
expression: generator.into_string()
---
type PackedArray={n:number,[number]:string}
