---
source: src/generator/mod.rs
expression: generator.into_string()
---
oof0.field
