---
source: src/generator/mod.rs
expression: generator.into_string()
---
type StringArray={[number]:string}
