---
source: src/generator/mod.rs
expression: generator.into_string()
---
(true::Collections.Array) < false
