---
source: src/generator/mod.rs
expression: generator.into_string()
---
name += variable + value;

(t)[field] = false

